\BOOKMARK [0][]{contents.0}{\376\377\166\356\137\125}{}% 1
\BOOKMARK [0][]{chapter.1}{\376\377\173\054\116\000\172\340\000\040\000\040\200\314\146\157\060\001\166\356\150\007\116\016\154\107\142\245\116\073\176\277}{}% 2
\BOOKMARK [1][-]{section.1.1}{\376\377\0001\000.\0001\000\040\000P\000P\000T\000\040\134\125\171\072\221\315\160\271}{chapter.1}% 3
\BOOKMARK [1][-]{section.1.2}{\376\377\0001\000.\0002\000\040\225\356\230\230\200\314\146\157}{chapter.1}% 4
\BOOKMARK [1][-]{section.1.3}{\376\377\0001\000.\0003\000\040\213\276\213\241\166\356\150\007}{chapter.1}% 5
\BOOKMARK [1][-]{section.1.4}{\376\377\0001\000.\0004\000\040\154\107\142\245\116\073\176\277}{chapter.1}% 6
\BOOKMARK [0][]{chapter.2}{\376\377\173\054\116\214\172\340\000\040\000\040\123\167\171\357\213\241\173\227\152\041\127\213\116\016\122\006\127\127\000\040\000G\000E\000M\000M\000\040\146\040\134\004}{}% 7
\BOOKMARK [1][-]{section.2.1}{\376\377\0002\000.\0001\000\040\000P\000P\000T\000\040\134\125\171\072\221\315\160\271}{chapter.2}% 8
\BOOKMARK [1][-]{section.2.2}{\376\377\0002\000.\0002\000\040\150\007\121\306\123\167\171\357\121\154\137\017}{chapter.2}% 9
\BOOKMARK [1][-]{section.2.3}{\376\377\0002\000.\0003\000\040\134\125\137\000\122\060\000\040\000G\000E\000M\000M}{chapter.2}% 10
\BOOKMARK [1][-]{section.2.4}{\376\377\0002\000.\0004\000\040\116\072\116\300\116\110\137\305\230\173\122\006\127\127}{chapter.2}% 11
\BOOKMARK [1][-]{section.2.5}{\376\377\0002\000.\0005\000\040\116\011\176\247\122\006\127\127\121\163\174\373}{chapter.2}% 12
\BOOKMARK [0][]{chapter.3}{\376\377\173\054\116\011\172\340\000\040\000\040\170\154\116\366\000\040\000I\000P\000\040\140\073\117\123\147\266\147\204}{}% 13
\BOOKMARK [1][-]{section.3.1}{\376\377\0003\000.\0001\000\040\000P\000P\000T\000\040\134\125\171\072\221\315\160\271}{chapter.3}% 14
\BOOKMARK [1][-]{section.3.2}{\376\377\0003\000.\0002\000\040\140\073\117\123\145\160\143\156\155\101}{chapter.3}% 15
\BOOKMARK [1][-]{section.3.3}{\376\377\0003\000.\0003\000\040\152\041\127\127\200\114\215\043\122\022\122\006}{chapter.3}% 16
\BOOKMARK [1][-]{section.3.4}{\376\377\0003\000.\0004\000\040\143\247\122\066\227\142\116\016\145\160\143\156\227\142\166\204\122\006\171\273}{chapter.3}% 17
\BOOKMARK [0][]{chapter.4}{\376\377\173\054\126\333\172\340\000\040\000\040\000W\000e\000i\000g\000h\000t\000-\000S\000t\000a\000t\000i\000o\000n\000a\000r\000y\000\040\201\011\122\250\226\065\122\027\213\241\173\227\150\070\137\303}{}% 18
\BOOKMARK [1][-]{section.4.1}{\376\377\0004\000.\0001\000\040\000P\000P\000T\000\040\134\125\171\072\221\315\160\271}{chapter.4}% 19
\BOOKMARK [1][-]{section.4.2}{\376\377\0004\000.\0002\000\040\000P\000E\000\040\213\241\173\227\213\355\116\111}{chapter.4}% 20
\BOOKMARK [1][-]{section.4.3}{\376\377\0004\000.\0003\000\040\000P\000E\000\040\176\323\147\204\150\106\126\376}{chapter.4}% 21
\BOOKMARK [1][-]{section.4.4}{\376\377\0004\000.\0004\000\040\226\065\122\027\176\247\145\160\143\156\155\101}{chapter.4}% 22
\BOOKMARK [1][-]{section.4.5}{\376\377\0004\000.\0005\000\040\124\036\124\020\116\016\215\104\156\220\117\060\173\227}{chapter.4}% 23
\BOOKMARK [0][]{chapter.5}{\376\377\173\054\116\224\172\340\000\040\000\040\000I\000F\000M\000\040\210\114\177\023\133\130\060\001\172\227\123\343\143\320\123\326\116\016\217\223\121\145\133\371\237\120}{}% 24
\BOOKMARK [1][-]{section.5.1}{\376\377\0005\000.\0001\000\040\000P\000P\000T\000\040\134\125\171\072\221\315\160\271}{chapter.5}% 25
\BOOKMARK [1][-]{section.5.2}{\376\377\0005\000.\0002\000\040\210\114\177\023\133\130\176\323\147\204}{chapter.5}% 26
\BOOKMARK [1][-]{section.5.3}{\376\377\0005\000.\0003\000\040\172\227\123\343\127\120\150\007\165\037\142\020}{chapter.5}% 27
\BOOKMARK [1][-]{section.5.4}{\376\377\0005\000.\0004\000\040\000l\000a\000n\000e\000\040\134\125\137\000\230\172\136\217}{chapter.5}% 28
\BOOKMARK [1][-]{section.5.5}{\376\377\0005\000.\0005\000\040\172\227\123\343\134\061\176\352\116\016\200\314\123\213}{chapter.5}% 29
\BOOKMARK [0][]{chapter.6}{\376\377\173\054\121\155\172\340\000\040\000\040\116\011\176\247\122\006\127\127\214\003\136\246\116\016\000\040\000L\000a\000y\000e\000r\000\040\000S\000c\000h\000e\000d\000u\000l\000e\000r}{}% 30
\BOOKMARK [1][-]{section.6.1}{\376\377\0006\000.\0001\000\040\000P\000P\000T\000\040\134\125\171\072\221\315\160\271}{chapter.6}% 31
\BOOKMARK [1][-]{section.6.2}{\376\377\0006\000.\0002\000\040\214\003\136\246\134\102\176\247}{chapter.6}% 32
\BOOKMARK [1][-]{section.6.3}{\376\377\0006\000.\0003\000\040\162\266\140\001\147\072\155\101\172\013}{chapter.6}% 33
\BOOKMARK [1][-]{section.6.4}{\376\377\0006\000.\0004\000\040\000K\000\040\000p\000a\000s\000s\000\040\213\355\116\111}{chapter.6}% 34
\BOOKMARK [1][-]{section.6.5}{\376\377\0006\000.\0005\000\040\000S\000p\000a\000t\000i\000a\000l\000\040\000t\000i\000l\000e\000\040\213\355\116\111}{chapter.6}% 35
\BOOKMARK [0][]{chapter.7}{\376\377\173\054\116\003\172\340\000\040\000\040\000P\000S\000U\000M\000\040\123\315\231\210\116\016\124\016\131\004\164\006\155\101\154\064\176\277}{}% 36
\BOOKMARK [1][-]{section.7.1}{\376\377\0007\000.\0001\000\040\000P\000P\000T\000\040\134\125\171\072\221\315\160\271}{chapter.7}% 37
\BOOKMARK [1][-]{section.7.2}{\376\377\0007\000.\0002\000\040\000P\000S\000U\000M\000\040\000p\000a\000c\000k\000e\000t\000\040\150\074\137\017}{chapter.7}% 38
\BOOKMARK [1][-]{section.7.3}{\376\377\0007\000.\0003\000\040\123\315\231\210\215\357\137\204}{chapter.7}% 39
\BOOKMARK [1][-]{section.7.4}{\376\377\0007\000.\0004\000\040\221\315\221\317\123\026\121\154\137\017}{chapter.7}% 40
\BOOKMARK [1][-]{section.7.5}{\376\377\0007\000.\0005\000\040\157\300\155\073\121\375\145\160}{chapter.7}% 41
\BOOKMARK [1][-]{section.7.6}{\376\377\0007\000.\0006\000\040\000H\000W\000C\000\040\121\231\126\336\127\060\127\100}{chapter.7}% 42
\BOOKMARK [0][]{chapter.8}{\376\377\173\054\121\153\172\340\000\040\000\040\000A\000X\000I\000\040\217\271\165\114\116\016\170\154\116\366\000\040\000I\000P\000\040\134\001\210\305}{}% 43
\BOOKMARK [1][-]{section.8.1}{\376\377\0008\000.\0001\000\040\000P\000P\000T\000\040\134\125\171\072\221\315\160\271}{chapter.8}% 44
\BOOKMARK [1][-]{section.8.2}{\376\377\0008\000.\0002\000\040\000A\000X\000I\000-\000L\000i\000t\000e\000\040\221\115\177\156\133\304\133\130\126\150}{chapter.8}% 45
\BOOKMARK [1][-]{section.8.3}{\376\377\0008\000.\0003\000\040\000A\000X\000I\000-\000S\000t\000r\000e\000a\000m\000\040\142\123\123\005\123\117\213\256}{chapter.8}% 46
\BOOKMARK [1][-]{section.8.4}{\376\377\0008\000.\0004\000\040\000O\000F\000M\000\040\200\314\123\213\224\376}{chapter.8}% 47
\BOOKMARK [0][]{chapter.9}{\376\377\173\054\116\135\172\340\000\040\000\040\232\214\213\301\145\271\154\325\116\016\215\104\156\220\213\304\117\060}{}% 48
\BOOKMARK [1][-]{section.9.1}{\376\377\0009\000.\0001\000\040\000P\000P\000T\000\040\134\125\171\072\221\315\160\271}{chapter.9}% 49
\BOOKMARK [1][-]{section.9.2}{\376\377\0009\000.\0002\000\040\232\214\213\301\134\102\153\041}{chapter.9}% 50
\BOOKMARK [1][-]{section.9.3}{\376\377\0009\000.\0003\000\040\121\170\127\213\211\206\166\326\127\072\146\157}{chapter.9}% 51
\BOOKMARK [1][-]{section.9.4}{\376\377\0009\000.\0004\000\040\215\104\156\220\221\115\177\156\133\371\153\324}{chapter.9}% 52
\BOOKMARK [1][-]{section.9.5}{\376\377\0009\000.\0005\000\040\215\104\156\220\164\366\230\210\213\250\213\272}{chapter.9}% 53
\BOOKMARK [0][]{chapter.10}{\376\377\173\054\123\101\172\340\000\040\000\040\000P\000P\000T\000\040\122\066\117\134\136\372\213\256\116\016\230\165\227\142\142\306\122\006}{}% 54
\BOOKMARK [1][-]{section.10.1}{\376\377\0001\0000\000.\0001\000\040\143\250\203\120\230\165\227\142\176\323\147\204}{chapter.10}% 55
\BOOKMARK [1][-]{section.10.2}{\376\377\0001\0000\000.\0002\000\040\213\262\217\360\202\202\131\117\136\372\213\256}{chapter.10}% 56
\BOOKMARK [1][-]{section.10.3}{\376\377\0001\0000\000.\0003\000\040\140\073\176\323\226\110\217\360}{chapter.10}% 57
