\BOOKMARK [0][]{contents.0}{\376\377\166\356\137\125}{}% 1
\BOOKMARK [0][]{denotation.0}{\376\377\116\073\211\201\173\046\123\367\133\371\161\147\210\150}{}% 2
\BOOKMARK [0][]{chapter.1}{\376\377\173\054\116\000\172\340\000\040\000\040\176\352\213\272}{}% 3
\BOOKMARK [1][-]{section.1.1}{\376\377\0001\000.\0001\000\040\170\024\172\166\200\314\146\157\116\016\141\017\116\111}{chapter.1}% 4
\BOOKMARK [1][-]{section.1.2}{\376\377\0001\000.\0002\000\040\126\375\121\205\131\026\170\024\172\166\163\260\162\266}{chapter.1}% 5
\BOOKMARK [1][-]{section.1.3}{\376\377\0001\000.\0003\000\040\147\054\145\207\116\073\211\201\135\345\117\134}{chapter.1}% 6
\BOOKMARK [1][-]{section.1.4}{\376\377\0001\000.\0004\000\040\213\272\145\207\176\304\176\307\176\323\147\204}{chapter.1}% 7
\BOOKMARK [0][]{chapter.2}{\376\377\173\054\116\214\172\340\000\040\000\040\200\314\146\157\116\016\166\370\121\163\135\345\117\134}{}% 8
\BOOKMARK [1][-]{section.2.1}{\376\377\0002\000.\0001\000\040\123\167\171\357\171\136\176\317\177\121\176\334\116\016\123\167\171\357\217\320\173\227}{chapter.2}% 9
\BOOKMARK [2][-]{subsection.2.1.1}{\376\377\0002\000.\0001\000.\0001\000\040\150\007\121\306\123\167\171\357\217\320\173\227}{section.2.1}% 10
\BOOKMARK [2][-]{subsection.2.1.2}{\376\377\0002\000.\0001\000.\0002\000\040\123\167\171\357\122\060\000\040\000G\000E\000M\000M\000\040\166\204\146\040\134\004}{section.2.1}% 11
\BOOKMARK [1][-]{section.2.2}{\376\377\0002\000.\0002\000\040\201\011\122\250\226\065\122\027\147\266\147\204}{chapter.2}% 12
\BOOKMARK [2][-]{subsection.2.2.1}{\376\377\0002\000.\0002\000.\0001\000\040\127\372\147\054\151\202\137\365}{section.2.2}% 13
\BOOKMARK [2][-]{subsection.2.2.2}{\376\377\0002\000.\0002\000.\0002\000\040\145\160\143\156\155\101\122\006\174\173}{section.2.2}% 14
\BOOKMARK [1][-]{section.2.3}{\376\377\0002\000.\0003\000\040\000I\000N\000T\0008\000\040\221\317\123\026}{chapter.2}% 15
\BOOKMARK [1][-]{section.2.4}{\376\377\0002\000.\0004\000\040\000F\000P\000G\000A\000\040\000C\000N\000N\000\040\122\240\220\037\126\150\166\370\121\163\135\345\117\134}{chapter.2}% 16
\BOOKMARK [1][-]{section.2.5}{\376\377\0002\000.\0005\000\040\000Z\000y\000n\000q\000\040\000U\000l\000t\000r\000a\000S\000c\000a\000l\000e\000+\000\040\000X\000C\000K\0002\0006\000\040\136\163\123\360}{chapter.2}% 17
\BOOKMARK [0][]{chapter.3}{\376\377\173\054\116\011\172\340\000\040\000\040\122\240\220\037\126\150\170\154\116\366\147\266\147\204\213\276\213\241}{}% 18
\BOOKMARK [1][-]{section.3.1}{\376\377\0003\000.\0001\000\040\145\164\117\123\147\266\147\204\151\202\211\310}{chapter.3}% 19
\BOOKMARK [1][-]{section.3.2}{\376\377\0003\000.\0002\000\040\131\004\164\006\123\125\121\103\213\276\213\241}{chapter.3}% 20
\BOOKMARK [2][-]{subsection.3.2.1}{\376\377\0003\000.\0002\000.\0001\000\040\000D\000S\000P\0004\0008\000E\0002\000\040\123\314\000\040\000I\000N\000T\0008\000\040\116\130\154\325\145\271\150\110}{section.3.2}% 21
\BOOKMARK [2][-]{subsection.3.2.2}{\376\377\0003\000.\0002\000.\0002\000\040\000P\000E\000\040\121\205\220\350\145\160\143\156\220\032\215\357}{section.3.2}% 22
\BOOKMARK [1][-]{section.3.3}{\376\377\0003\000.\0003\000\040\116\214\176\364\201\011\122\250\226\065\122\027}{chapter.3}% 23
\BOOKMARK [2][-]{subsection.3.3.1}{\376\377\0003\000.\0003\000.\0001\000\040\226\065\122\027\142\323\142\121}{section.3.3}% 24
\BOOKMARK [2][-]{subsection.3.3.2}{\376\377\0003\000.\0003\000.\0002\000\040\226\065\122\027\124\036\124\020\122\006\147\220}{section.3.3}% 25
\BOOKMARK [1][-]{section.3.4}{\376\377\0003\000.\0004\000\040\210\114\177\023\133\130\116\016\172\227\123\343\143\320\123\326}{chapter.3}% 26
\BOOKMARK [2][-]{subsection.3.4.1}{\376\377\0003\000.\0004\000.\0001\000\040\131\032\000\040\000B\000a\000n\000k\000\040\210\114\177\023\133\130}{section.3.4}% 27
\BOOKMARK [2][-]{subsection.3.4.2}{\376\377\0003\000.\0004\000.\0002\000\040\172\227\123\343\143\320\123\326}{section.3.4}% 28
\BOOKMARK [1][-]{section.3.5}{\376\377\0003\000.\0005\000\040\147\103\221\315\122\240\217\175\116\016\120\117\177\156\154\350\121\145}{chapter.3}% 29
\BOOKMARK [1][-]{section.3.6}{\376\377\0003\000.\0006\000\040\220\350\122\006\124\214\123\315\231\210\215\357\137\204}{chapter.3}% 30
\BOOKMARK [1][-]{section.3.7}{\376\377\0003\000.\0007\000\040\124\016\131\004\164\006\155\101\154\064\176\277}{chapter.3}% 31
\BOOKMARK [2][-]{subsection.3.7.1}{\376\377\0003\000.\0007\000.\0001\000\040\221\315\221\317\123\026}{section.3.7}% 32
\BOOKMARK [2][-]{subsection.3.7.2}{\376\377\0003\000.\0007\000.\0002\000\040\157\300\155\073}{section.3.7}% 33
\BOOKMARK [2][-]{subsection.3.7.3}{\376\377\0003\000.\0007\000.\0003\000\040\000O\000F\000M\000\040\121\231\126\336}{section.3.7}% 34
\BOOKMARK [1][-]{section.3.8}{\376\377\0003\000.\0008\000\040\152\041\127\127\134\102\153\041\134\001\210\305}{chapter.3}% 35
\BOOKMARK [0][]{chapter.4}{\376\377\173\054\126\333\172\340\000\040\000\040\145\160\143\156\155\101\116\016\122\006\127\127\173\126\165\145}{}% 36
\BOOKMARK [1][-]{section.4.1}{\376\377\0004\000.\0001\000\040\123\167\171\357\122\060\122\006\127\127\000\040\000G\000E\000M\000M\000\040\166\204\146\040\134\004}{chapter.4}% 37
\BOOKMARK [1][-]{section.4.2}{\376\377\0004\000.\0002\000\040\000K\000\040\122\006\127\127\131\032\217\156\175\057\122\240}{chapter.4}% 38
\BOOKMARK [1][-]{section.4.3}{\376\377\0004\000.\0003\000\040\217\223\121\372\220\032\220\123\377\010\000C\000o\000u\000t\377\011\122\006\127\127}{chapter.4}% 39
\BOOKMARK [1][-]{section.4.4}{\376\377\0004\000.\0004\000\040\172\172\225\364\377\010\000S\000p\000a\000t\000i\000a\000l\377\011\122\006\127\127}{chapter.4}% 40
\BOOKMARK [1][-]{section.4.5}{\376\377\0004\000.\0005\000\040\134\102\214\003\136\246\147\011\226\120\162\266\140\001\147\072}{chapter.4}% 41
\BOOKMARK [1][-]{section.4.6}{\376\377\0004\000.\0006\000\040\000P\000S\000/\000D\000M\000A\000\040\214\003\136\246\131\121\176\246}{chapter.4}% 42
\BOOKMARK [1][-]{section.4.7}{\376\377\0004\000.\0007\000\040\122\006\127\127\133\371\140\047\200\375\116\016\215\104\156\220\166\204\137\161\124\315}{chapter.4}% 43
\BOOKMARK [0][]{chapter.5}{\376\377\173\054\116\224\172\340\000\040\000\040\143\245\123\343\213\276\213\241\116\016\174\373\176\337\226\306\142\020}{}% 44
\BOOKMARK [1][-]{section.5.1}{\376\377\0005\000.\0001\000\040\000A\000X\000I\000-\000L\000i\000t\000e\000\040\221\115\177\156\133\304\133\130\126\150\143\245\123\343}{chapter.5}% 45
\BOOKMARK [2][-]{subsection.5.1.1}{\376\377\0005\000.\0001\000.\0001\000\040\147\054\127\060\133\304\133\130\126\150\146\040\134\004}{section.5.1}% 46
\BOOKMARK [2][-]{subsection.5.1.2}{\376\377\0005\000.\0001\000.\0002\000\040\000A\000X\000I\000-\000L\000i\000t\000e\000\040\150\145\213\276\213\241}{section.5.1}% 47
\BOOKMARK [1][-]{section.5.2}{\376\377\0005\000.\0002\000\040\000A\000X\000I\000-\000S\000t\000r\000e\000a\000m\000\040\145\160\143\156\144\054\217\320\143\245\123\343}{chapter.5}% 48
\BOOKMARK [2][-]{subsection.5.2.1}{\376\377\0005\000.\0002\000.\0001\000\040\000B\000i\000a\000s\000\040\000S\000t\000r\000e\000a\000m\000\040\142\123\123\005}{section.5.2}% 49
\BOOKMARK [2][-]{subsection.5.2.2}{\376\377\0005\000.\0002\000.\0002\000\040\000W\000e\000i\000g\000h\000t\000\040\000S\000t\000r\000e\000a\000m\000\040\142\123\123\005}{section.5.2}% 50
\BOOKMARK [2][-]{subsection.5.2.3}{\376\377\0005\000.\0002\000.\0003\000\040\000I\000F\000M\000\040\000L\000i\000n\000e\000\040\000S\000t\000r\000e\000a\000m\000\040\142\123\123\005}{section.5.2}% 51
\BOOKMARK [2][-]{subsection.5.2.4}{\376\377\0005\000.\0002\000.\0004\000\040\000O\000F\000M\000\040\000D\000e\000b\000u\000g\000\040\000S\000t\000r\000e\000a\000m}{section.5.2}% 52
\BOOKMARK [1][-]{section.5.3}{\376\377\0005\000.\0003\000\040\000O\000F\000M\000\040\000T\000L\000A\000S\000T\000\040\165\037\142\020}{chapter.5}% 53
\BOOKMARK [1][-]{section.5.4}{\376\377\0005\000.\0004\000\040\000O\000F\000M\000\040\200\314\123\213\224\376\213\276\213\241}{chapter.5}% 54
\BOOKMARK [1][-]{section.5.5}{\376\377\0005\000.\0005\000\040\000A\000X\000I\000-\000S\000t\000r\000e\000a\000m\000\040\217\271\165\114\152\041\127\127\133\236\163\260}{chapter.5}% 55
\BOOKMARK [1][-]{section.5.6}{\376\377\0005\000.\0006\000\040\147\000\176\310\230\166\134\102\226\306\142\020}{chapter.5}% 56
\BOOKMARK [0][]{chapter.6}{\376\377\173\054\121\155\172\340\000\040\000\040\232\214\213\301\116\016\133\236\232\214\176\323\147\234}{}% 57
\BOOKMARK [1][-]{section.6.1}{\376\377\0006\000.\0001\000\040\232\214\213\301\145\271\154\325\213\272}{chapter.6}% 58
\BOOKMARK [1][-]{section.6.2}{\376\377\0006\000.\0002\000\040\152\041\127\127\176\247\232\214\213\301}{chapter.6}% 59
\BOOKMARK [1][-]{section.6.3}{\376\377\0006\000.\0003\000\040\174\373\176\337\176\247\232\214\213\301}{chapter.6}% 60
\BOOKMARK [2][-]{subsection.6.3.1}{\376\377\0006\000.\0003\000.\0001\000\040\121\170\127\213\155\113\213\325\127\072\146\157}{section.6.3}% 61
\BOOKMARK [1][-]{section.6.4}{\376\377\0006\000.\0004\000\040\000X\000C\000K\0002\0006\000\040\176\374\124\010\176\323\147\234}{chapter.6}% 62
\BOOKMARK [2][-]{subsection.6.4.1}{\376\377\0006\000.\0004\000.\0001\000\040\0003\0002\000\327\0003\0002\000\040\221\115\177\156}{section.6.4}% 63
\BOOKMARK [2][-]{subsection.6.4.2}{\376\377\0006\000.\0004\000.\0002\000\040\0003\0002\000\327\0001\0006\000\040\221\115\177\156}{section.6.4}% 64
\BOOKMARK [2][-]{subsection.6.4.3}{\376\377\0006\000.\0004\000.\0003\000\040\0001\0006\000\327\0001\0006\000\040\221\115\177\156}{section.6.4}% 65
\BOOKMARK [2][-]{subsection.6.4.4}{\376\377\0006\000.\0004\000.\0004\000\040\0001\0008\000\327\0001\0006\000\040\221\115\177\156\040\024\040\024\147\000\176\310\220\011\133\232\145\271\150\110}{section.6.4}% 66
\BOOKMARK [1][-]{section.6.5}{\376\377\0006\000.\0005\000\040\176\323\147\234\122\006\147\220\116\016\213\250\213\272}{chapter.6}% 67
\BOOKMARK [2][-]{subsection.6.5.1}{\376\377\0006\000.\0005\000.\0001\000\040\215\104\156\220\164\366\230\210\122\006\147\220}{section.6.5}% 68
\BOOKMARK [2][-]{subsection.6.5.2}{\376\377\0006\000.\0005\000.\0002\000\040\145\366\136\217\122\006\147\220}{section.6.5}% 69
\BOOKMARK [2][-]{subsection.6.5.3}{\376\377\0006\000.\0005\000.\0003\000\040\213\241\173\227\140\047\200\375\117\060\173\227}{section.6.5}% 70
\BOOKMARK [2][-]{subsection.6.5.4}{\376\377\0006\000.\0005\000.\0004\000\040\116\016\121\166\116\326\135\345\117\134\166\204\133\232\140\047\133\371\153\324}{section.6.5}% 71
\BOOKMARK [1][-]{section.6.6}{\376\377\0006\000.\0006\000\040\147\054\172\340\134\017\176\323}{chapter.6}% 72
\BOOKMARK [0][]{appendix*.19}{\376\377\123\302\200\003\145\207\163\056}{}% 73
